__________________________
 XXXX X XX X  XXXX X XXX  
XXXXXX XXX XXXXXX  X  XXXX
XX XXX  XX X XXXX XXXXXX  
XXXXXXX XX  XXXXXXXX  X X 
XX  X  X  XX X XXXXXXXXXX 
 XXXXXX X XX XXXX XX X XX 
 XXXXXX   XXXXXX XX X   XX
XXX   X  XXXXXXXXX XX X XX
XXX X XXXXX  XXX  XX XXX  
 XX XXX  XX XX     XXXXXX 
XXXXXXXXX  X  XX X XXXXXXX
XX X X XXXX XX XX XX XXX X
XXX XXX XXX    XXXXXXXXX X
XXXXX  X X X    XXXXXXX X 
    XX  XXXXX XXX XX XXX X
XX  X  XXXXXX XXXXXXXX X X
 XXX     XX   XX XX   XXXX
X X X X   XX X    X  XX XX
 XXXX X   XXXXXXX XXXXXX  
 XXXXX XXXX     X X  XX XX
XXX X X X X XXXX XXXXXXX X
X XXX XXX  X  X XXXXXX XXX
XXXXXXX   XXXX  X XX    X 
XX XXXXXX XXXX XXXXXXX  X 
~~~~~~~~~~~~~~~~~~~~~~~~~~
