___________________________
%% ^^v%%^v^ vvv^ %%%%^v% %%
v^v%^%^%%^%v %%%%^vvv%^^%^ 
%v^vvvv^%%^%v% %%v^^% %%^v^
%%v%%^^v %vv^^ ^vv%^^%^%%%%
v%%% %v^^v %v^v%v%v^^%v%%v 
%^^%%v^v^%v%%^%v  v%v^%v%^v
^ v%%% ^v%^  %%%%v^%vv %v%%
%%^^^%vvv%v%%^%v^%^^^v^%^%^
%^%v%%^%v%%%% % ^v  %^^%v^ 
%%^v %^%^v^^%%^%%%%%v%%%%%%
^%%v %v%%^%%^^^%v%%% %%v ^v
 ^ ^^^^ ^ ^ ^^^   ^   ^ ^^^
~~~~~~~~~~~~~~~~~~~~~~~~~~~
