________________________
XX XX X  XXXXXXXXXXX XXX
XXXXXX XXXXXX XX XX X XX
 XXXX X XXXXX X   XX XXX
XXX  XXXXX     XXXXXXXX 
X   XXXXX XXXXXXX X X XX
 X   XXXXX XX XX   XXXXX
 X  X  XXXX XX  XXXXXXX 
XX   XXX XX XXXXXXXXXXXX
    X XXXXXXXXX XXXXXXXX
XX   XX X X X XXXXXXXXXX
 XX XXXX X XXX  X X XX  
XXXX XXXXXXXX XXXXX XXX 
X X X  X XX XXXX X XXXXX
 XX XXXXXX  X XXXX XXXX 
 XXXXXXX     XX  XX X XX
XXXX XXXX   X XXXXX XXXX
X   XXXXX XX   XXX X XXX
~~~~~~~~~~~~~~~~~~~~~~~~
