_______________________
XXXXXX XXXXX  X XXXXXXX
 XXXXXXX    X X XX  XXX
 X  XXX X X XX  XXXXX X
XX XXX XXXXX X XXX X X 
XXXXXX XX XX XX  X XX  
XX X XXXX  X X X XXX  X
XXX  XXXXX XXX  XXXXXXX
 XXX  X XXXXXX    X   X
 XXXXXXX   X XXXX X X X
 XXXXXXX XXX XX  XX XXX
X X  XX XXXXX   XXXXXX 
XXX XXXXX X XXXXX   XXX
X X X XXX  XXXXX   X XX
  X  XXX  XXXXX XXX XX 
 XXX X XXXXX  XXXX XXXX
XXXXX X XX  XXXX XXX XX
XXX       X   XXXXXX X 
 XXX  XX XXXX XX   XXX 
X XXXXXXXXXXXXXXX XXXX 
 XX XXXX   XXXX X X XXX
XXX X XX X XXXXX XX XXX
XX X X   X X X XX XXXXX
X X XXX XXX X    XXXX X
~~~~~~~~~~~~~~~~~~~~~~~
