_______________
XXXXXXXX  X XX 
  XX  XXXX  XXX
    XX XX XXX X
 X  XXX XX  XXX
 XXX X X  X X  
X  X XXXXXX   X
XXX X  XXX XXXX
   XX X XXX XX 
XXXXX XX X XXX 
 XXXXXXX X XXXX
XXX XX  XX  X X
XXXX XX XXXXXX 
XXX XXXXX XXX X
 XXXXXXXXX XX  
X XXXX X XXX X 
 XX X XXXX X X 
X XXXX X X XXXX
XXX XXXXXXXXXXX
XXXX XXX XXX XX
 X X   X XXX XX
  X XXX X X XXX
XXXXXXXXX  XX  
X XXXX XX  X  X
~~~~~~~~~~~~~~~
